Array
(
    [id] => undefined
    [usage] => 1
)
Array
(
    [id] => undefined
    [usage] => 0
)
Array
(
    [id] => undefined
    [usage] => 1
)
Array
(
    [id] => 1
    [usage] => 1
)
Array
(
    [id] => 2
    [usage] => 1
)
Array
(
    [id] => 3
    [usage] => 1
)
Array
(
    [id] => 4
    [usage] => 1
)
Array
(
    [id] => 5
    [usage] => 1
)
Array
(
    [id] => 6
    [usage] => 1
)
Array
(
    [id] => 7
    [usage] => 1
)
Array
(
    [id] => 8
    [usage] => 1
)
Array
(
    [id] => 8
    [usage] => 0
)
Array
(
    [id] => 9
    [usage] => 1
)
Array
(
    [id] => 10
    [usage] => 1
)
Array
(
    [id] => 11
    [usage] => 1
)
Array
(
    [id] => 12
    [usage] => 1
)
Array
(
    [id] => 13
    [usage] => 1
)
Array
(
    [id] => 14
    [usage] => 1
)
Array
(
    [id] => 15
    [usage] => 1
)
Array
(
    [id] => 16
    [usage] => 1
)
Array
(
    [id] => 17
    [usage] => 1
)
Array
(
    [id] => 18
    [usage] => 1
)
Array
(
    [id] => 19
    [usage] => 1
)
Array
(
    [id] => 20
    [usage] => 1
)
Array
(
    [id] => 21
    [usage] => 1
)
Array
(
    [id] => 22
    [usage] => 1
)
Array
(
    [id] => 23
    [usage] => 1
)
Array
(
    [id] => 24
    [usage] => 1
)
Array
(
    [id] => 25
    [usage] => 1
)
Array
(
    [id] => 26
    [usage] => 1
)
Array
(
    [id] => 27
    [usage] => 1
)
Array
(
    [id] => 28
    [usage] => 1
)
Array
(
    [id] => 29
    [usage] => 1
)
Array
(
    [id] => 30
    [usage] => 1
)
Array
(
    [id] => 31
    [usage] => 1
)
Array
(
    [id] => 32
    [usage] => 1
)
Array
(
    [id] => 33
    [usage] => 1
)
Array
(
    [id] => 34
    [usage] => 1
)
Array
(
    [id] => 35
    [usage] => 1
)
Array
(
    [id] => 36
    [usage] => 1
)
Array
(
    [id] => 37
    [usage] => 1
)
Array
(
    [id] => 38
    [usage] => 1
)
Array
(
    [id] => 39
    [usage] => 1
)
Array
(
    [id] => 40
    [usage] => 1
)
Array
(
    [id] => 41
    [usage] => 1
)
Array
(
    [id] => 42
    [usage] => 1
)
Array
(
    [id] => 43
    [usage] => 1
)
Array
(
    [id] => 44
    [usage] => 1
)
Array
(
    [id] => 45
    [usage] => 1
)
Array
(
    [id] => 46
    [usage] => 1
)
Array
(
    [id] => 47
    [usage] => 1
)
Array
(
    [id] => 48
    [usage] => 1
)
Array
(
    [id] => 49
    [usage] => 1
)
Array
(
    [id] => 50
    [usage] => 1
)
Array
(
    [id] => 51
    [usage] => 1
)
Array
(
    [id] => 52
    [usage] => 1
)
Array
(
    [id] => 53
    [usage] => 1
)
Array
(
    [id] => 54
    [usage] => 1
)
Array
(
    [id] => 55
    [usage] => 1
)
Array
(
    [id] => 56
    [usage] => 1
)
Array
(
    [id] => 57
    [usage] => 1
)
Array
(
    [id] => 58
    [usage] => 1
)
Array
(
    [id] => 59
    [usage] => 1
)
Array
(
    [id] => 60
    [usage] => 1
)
Array
(
    [id] => 61
    [usage] => 1
)
Array
(
    [id] => 62
    [usage] => 1
)
Array
(
    [id] => 63
    [usage] => 1
)
Array
(
    [id] => 64
    [usage] => 1
)
Array
(
    [id] => 65
    [usage] => 1
)
Array
(
    [id] => 66
    [usage] => 1
)
Array
(
    [id] => 67
    [usage] => 1
)
Array
(
    [id] => 68
    [usage] => 1
)
Array
(
    [id] => 69
    [usage] => 1
)
Array
(
    [id] => 70
    [usage] => 1
)
Array
(
    [id] => 71
    [usage] => 1
)
Array
(
    [id] => 72
    [usage] => 1
)
Array
(
    [id] => 73
    [usage] => 1
)
Array
(
    [id] => 74
    [usage] => 1
)
Array
(
    [id] => 75
    [usage] => 1
)
Array
(
    [id] => 76
    [usage] => 1
)
Array
(
    [id] => 77
    [usage] => 1
)
Array
(
    [id] => 78
    [usage] => 1
)
Array
(
    [id] => 79
    [usage] => 1
)
Array
(
    [id] => 80
    [usage] => 1
)
Array
(
    [id] => 81
    [usage] => 1
)
Array
(
    [id] => 82
    [usage] => 1
)
Array
(
    [id] => 83
    [usage] => 1
)
Array
(
    [id] => 84
    [usage] => 1
)
Array
(
    [id] => 85
    [usage] => 1
)
Array
(
    [id] => 86
    [usage] => 1
)
Array
(
    [id] => 87
    [usage] => 1
)
Array
(
    [id] => 88
    [usage] => 1
)
Array
(
    [id] => 89
    [usage] => 1
)
Array
(
    [id] => 90
    [usage] => 1
)
Array
(
    [id] => 91
    [usage] => 1
)
Array
(
    [id] => 92
    [usage] => 1
)
Array
(
    [id] => 93
    [usage] => 1
)
Array
(
    [id] => 94
    [usage] => 1
)
Array
(
    [id] => 95
    [usage] => 1
)
Array
(
    [id] => 96
    [usage] => 1
)
Array
(
    [id] => 97
    [usage] => 1
)
Array
(
    [id] => 98
    [usage] => 1
)
Array
(
    [id] => 99
    [usage] => 1
)
Array
(
    [id] => 100
    [usage] => 1
)
Array
(
    [id] => 101
    [usage] => 1
)
Array
(
    [id] => 102
    [usage] => 1
)
Array
(
    [id] => 103
    [usage] => 1
)
Array
(
    [id] => 104
    [usage] => 1
)
Array
(
    [id] => 105
    [usage] => 1
)
Array
(
    [id] => 106
    [usage] => 1
)
Array
(
    [id] => 107
    [usage] => 1
)
Array
(
    [id] => 108
    [usage] => 1
)
Array
(
    [id] => 109
    [usage] => 1
)
Array
(
    [id] => 110
    [usage] => 1
)
Array
(
    [id] => 111
    [usage] => 1
)
Array
(
    [id] => 112
    [usage] => 1
)
Array
(
    [id] => 113
    [usage] => 1
)
Array
(
    [id] => 114
    [usage] => 1
)
Array
(
    [id] => 115
    [usage] => 1
)
Array
(
    [id] => 116
    [usage] => 1
)
Array
(
    [id] => 117
    [usage] => 1
)
Array
(
    [id] => 118
    [usage] => 1
)
Array
(
    [id] => 119
    [usage] => 1
)
Array
(
    [id] => 120
    [usage] => 1
)
Array
(
    [id] => 121
    [usage] => 1
)
Array
(
    [id] => 122
    [usage] => 1
)
Array
(
    [id] => 123
    [usage] => 1
)
Array
(
    [id] => 128
    [usage] => 1
)
Array
(
    [id] => 124
    [usage] => 1
)
Array
(
    [id] => 125
    [usage] => 1
)
Array
(
    [id] => 126
    [usage] => 1
)
Array
(
    [id] => 127
    [usage] => 1
)
Array
(
    [id] => 129
    [usage] => 1
)
Array
(
    [id] => 130
    [usage] => 1
)
Array
(
    [id] => 131
    [usage] => 1
)
Array
(
    [id] => 132
    [usage] => 1
)
Array
(
    [id] => 133
    [usage] => 1
)
Array
(
    [id] => 134
    [usage] => 1
)
Array
(
    [id] => 135
    [usage] => 1
)
Array
(
    [id] => 136
    [usage] => 1
)
Array
(
    [id] => 137
    [usage] => 1
)
Array
(
    [id] => 138
    [usage] => 1
)
Array
(
    [id] => 174
    [usage] => 1
)
Array
(
    [id] => 139
    [usage] => 1
)
Array
(
    [id] => 140
    [usage] => 1
)
Array
(
    [id] => 141
    [usage] => 1
)
Array
(
    [id] => 142
    [usage] => 1
)
Array
(
    [id] => 143
    [usage] => 1
)
Array
(
    [id] => 144
    [usage] => 1
)
Array
(
    [id] => 145
    [usage] => 1
)
Array
(
    [id] => 146
    [usage] => 1
)
Array
(
    [id] => 147
    [usage] => 1
)
Array
(
    [id] => 148
    [usage] => 1
)
Array
(
    [id] => 149
    [usage] => 1
)
Array
(
    [id] => 150
    [usage] => 1
)
Array
(
    [id] => 151
    [usage] => 1
)
Array
(
    [id] => 152
    [usage] => 1
)
Array
(
    [id] => 153
    [usage] => 1
)
Array
(
    [id] => 154
    [usage] => 1
)
Array
(
    [id] => 155
    [usage] => 1
)
Array
(
    [id] => 156
    [usage] => 1
)
Array
(
    [id] => 157
    [usage] => 1
)
Array
(
    [id] => 158
    [usage] => 1
)
Array
(
    [id] => 159
    [usage] => 1
)
Array
(
    [id] => 160
    [usage] => 1
)
Array
(
    [id] => 161
    [usage] => 1
)
Array
(
    [id] => 162
    [usage] => 1
)
Array
(
    [id] => 163
    [usage] => 1
)
Array
(
    [id] => 164
    [usage] => 1
)
Array
(
    [id] => 165
    [usage] => 1
)
Array
(
    [id] => 166
    [usage] => 1
)
Array
(
    [id] => 167
    [usage] => 1
)
Array
(
    [id] => 168
    [usage] => 1
)
Array
(
    [id] => 169
    [usage] => 1
)
Array
(
    [id] => 170
    [usage] => 1
)
Array
(
    [id] => 171
    [usage] => 1
)
Array
(
    [id] => 172
    [usage] => 1
)
Array
(
    [id] => 175
    [usage] => 1
)
Array
(
    [id] => 176
    [usage] => 1
)
Array
(
    [id] => 177
    [usage] => 1
)
Array
(
    [id] => 178
    [usage] => 1
)
Array
(
    [id] => 173
    [usage] => 1
)
Array
(
    [id] => 179
    [usage] => 1
)
Array
(
    [id] => 180
    [usage] => 1
)
Array
(
    [id] => 181
    [usage] => 1
)
Array
(
    [id] => 182
    [usage] => 1
)
Array
(
    [id] => 183
    [usage] => 1
)
Array
(
    [id] => 184
    [usage] => 1
)
Array
(
    [id] => 185
    [usage] => 1
)
Array
(
    [id] => 186
    [usage] => 1
)
Array
(
    [id] => 187
    [usage] => 1
)
Array
(
    [id] => 188
    [usage] => 1
)
Array
(
    [id] => 189
    [usage] => 1
)
Array
(
    [id] => 190
    [usage] => 1
)
Array
(
    [id] => 191
    [usage] => 1
)
Array
(
    [id] => 192
    [usage] => 1
)
Array
(
    [id] => 193
    [usage] => 1
)
Array
(
    [id] => 194
    [usage] => 1
)
Array
(
    [id] => 195
    [usage] => 1
)
Array
(
    [id] => 196
    [usage] => 1
)
Array
(
    [id] => 197
    [usage] => 1
)
Array
(
    [id] => 198
    [usage] => 1
)
Array
(
    [id] => 199
    [usage] => 1
)
Array
(
    [id] => 200
    [usage] => 1
)
Array
(
    [id] => 201
    [usage] => 1
)
Array
(
    [id] => 202
    [usage] => 1
)
Array
(
    [id] => 204
    [usage] => 1
)
Array
(
    [id] => 203
    [usage] => 1
)
Array
(
    [id] => 205
    [usage] => 1
)
Array
(
    [id] => 206
    [usage] => 1
)
Array
(
    [id] => 207
    [usage] => 1
)
